1.2.3[.]4
google[.]com
operator@fancybear[.]com
hxxps://malware.downloadme[.]com
noreply@github[.]com
8.8.8[.]8
1.1.1[.]1
